C:\Users\PORTATIL>
C:\Users\PORTATIL>C:\Users\PORTATIL\Desktop\1ºBData\DATA SCIENCE\Reto4 - Data Science\primer_ejemplo_git
"C:\Users\PORTATIL\Desktop\1ºBData\DATA" no se reconoce como un comando interno o externo,
programa o archivo por lotes ejecutable.

C:\Users\PORTATIL>cd C:\Users\PORTATIL\Desktop\1ºBData\DATA SCIENCE\Reto4 - Data Science\primer_ejemplo_git

C:\Users\PORTATIL\Desktop\1ºBData\DATA SCIENCE\Reto4 - Data Science\primer_ejemplo_git>git status
On branch master
Untracked files:
  (use "git add <file>..." to include in what will be committed)
        primer_dia_comandos.txt

nothing added to commit but untracked files present (use "git add" to track)

C:\Users\PORTATIL\Desktop\1ºBData\DATA SCIENCE\Reto4 - Data Science\primer_ejemplo_git>git status
On branch master
Untracked files:
  (use "git add <file>..." to include in what will be committed)
        .gitignore
        primer_dia_comandos.txt

nothing added to commit but untracked files present (use "git add" to track)

C:\Users\PORTATIL\Desktop\1ºBData\DATA SCIENCE\Reto4 - Data Science\primer_ejemplo_git>git add.gitignore
git: 'add.gitignore' is not a git command. See 'git --help'.

C:\Users\PORTATIL\Desktop\1ºBData\DATA SCIENCE\Reto4 - Data Science\primer_ejemplo_git>got commit -m "añado modificacion de gitignore"
"got" no se reconoce como un comando interno o externo,
programa o archivo por lotes ejecutable.

C:\Users\PORTATIL\Desktop\1ºBData\DATA SCIENCE\Reto4 - Data Science\primer_ejemplo_git>git status
On branch master
Untracked files:
  (use "git add <file>..." to include in what will be committed)
        .gitignore
        primer_dia_comandos.txt

nothing added to commit but untracked files present (use "git add" to track)

C:\Users\PORTATIL\Desktop\1ºBData\DATA SCIENCE\Reto4 - Data Science\primer_ejemplo_git>git add .gitignore

C:\Users\PORTATIL\Desktop\1ºBData\DATA SCIENCE\Reto4 - Data Science\primer_ejemplo_git>git status
On branch master
Changes to be committed:
  (use "git restore --staged <file>..." to unstage)
        new file:   .gitignore

Untracked files:
  (use "git add <file>..." to include in what will be committed)
        primer_dia_comandos.txt


C:\Users\PORTATIL\Desktop\1ºBData\DATA SCIENCE\Reto4 - Data Science\primer_ejemplo_git>git log --oneline
2c29d68 (HEAD -> master) modifico archivo1 en rama
48fc923 archivo1 modificado
90548aa Commiteamos muchos ficheros
ab1334c Commiteamos el primer archivo

C:\Users\PORTATIL\Desktop\1ºBData\DATA SCIENCE\Reto4 - Data Science\primer_ejemplo_git> cd C:\Users\PORTATIL\Desktop\1ºBData\DATA SCIENCE\Reto4 - Data Science\gitignore

C:\Users\PORTATIL\Desktop\1ºBData\DATA SCIENCE\Reto4 - Data Science\gitignore>git status
fatal: not a git repository (or any of the parent directories): .git

C:\Users\PORTATIL\Desktop\1ºBData\DATA SCIENCE\Reto4 - Data Science\gitignore> cd C:\Users\PORTATIL\Desktop\1ºBData\DATA SCIENCE\Reto4 - Data Science\gitignore

C:\Users\PORTATIL\Desktop\1ºBData\DATA SCIENCE\Reto4 - Data Science\gitignore>git status
fatal: not a git repository (or any of the parent directories): .git

C:\Users\PORTATIL\Desktop\1ºBData\DATA SCIENCE\Reto4 - Data Science\gitignore> cd C:\Users\PORTATIL\Desktop\1ºBData\DATA SCIENCE\Reto4 - Data Science\primer_ejemplo_git

C:\Users\PORTATIL\Desktop\1ºBData\DATA SCIENCE\Reto4 - Data Science\primer_ejemplo_git>git status
On branch master
Changes to be committed:
  (use "git restore --staged <file>..." to unstage)
        new file:   .gitignore

Changes not staged for commit:
  (use "git add <file>..." to update what will be committed)
  (use "git restore <file>..." to discard changes in working directory)
        modified:   .gitignore

Untracked files:
  (use "git add <file>..." to include in what will be committed)
        primer_dia_comandos.txt


C:\Users\PORTATIL\Desktop\1ºBData\DATA SCIENCE\Reto4 - Data Science\primer_ejemplo_git>git --oneline
unknown option: --oneline
usage: git [-v | --version] [-h | --help] [-C <path>] [-c <name>=<value>]
           [--exec-path[=<path>]] [--html-path] [--man-path] [--info-path]
           [-p | --paginate | -P | --no-pager] [--no-replace-objects] [--bare]
           [--git-dir=<path>] [--work-tree=<path>] [--namespace=<name>]
           [--config-env=<name>=<envvar>] <command> [<args>]

C:\Users\PORTATIL\Desktop\1ºBData\DATA SCIENCE\Reto4 - Data Science\primer_ejemplo_git>git status
On branch master
Changes to be committed:
  (use "git restore --staged <file>..." to unstage)
        new file:   .gitignore

Changes not staged for commit:
  (use "git add <file>..." to update what will be committed)
  (use "git restore <file>..." to discard changes in working directory)
        modified:   .gitignore

Untracked files:
  (use "git add <file>..." to include in what will be committed)
        primer_dia_comandos.txt


C:\Users\PORTATIL\Desktop\1ºBData\DATA SCIENCE\Reto4 - Data Science\primer_ejemplo_git>git log --oneline
2c29d68 (HEAD -> master) modifico archivo1 en rama
48fc923 archivo1 modificado
90548aa Commiteamos muchos ficheros
ab1334c Commiteamos el primer archivo

C:\Users\PORTATIL\Desktop\1ºBData\DATA SCIENCE\Reto4 - Data Science\primer_ejemplo_git>git revert 2c29d68 -m "vuelvo a antes de la modificacion"
error: option `mainline' expects a number greater than zero

C:\Users\PORTATIL\Desktop\1ºBData\DATA SCIENCE\Reto4 - Data Science\primer_ejemplo_git>git status
On branch master
Changes to be committed:
  (use "git restore --staged <file>..." to unstage)
        new file:   .gitignore

Changes not staged for commit:
  (use "git add <file>..." to update what will be committed)
  (use "git restore <file>..." to discard changes in working directory)
        modified:   .gitignore

Untracked files:
  (use "git add <file>..." to include in what will be committed)
        primer_dia_comandos.txt


C:\Users\PORTATIL\Desktop\1ºBData\DATA SCIENCE\Reto4 - Data Science\primer_ejemplo_git>